compiler/mlir/include/pi_gpu/VC4/VC4Dialect.td: def VC4_Dialect : Dialect
compiler/mlir/include/pi_gpu/VC4/VC4Dialect.td: def VC4_UniformOp : Op<VC4_Dialect, "uniform">
compiler/mlir/include/pi_gpu/VC4/VC4Dialect.td: def VC4_DmaLoadVPMOp : Op<VC4_Dialect, "dma_load_vpm">
compiler/mlir/include/pi_gpu/VC4/VC4Dialect.td: def VC4_VPMReadOp : Op<VC4_Dialect, "vpm_read">
compiler/mlir/include/pi_gpu/VC4/VC4Dialect.td: def VC4_BinOp : Op<VC4_Dialect, "bin">
compiler/mlir/include/pi_gpu/VC4/VC4Dialect.td: def VC4_DmaStoreVPMOp : Op<VC4_Dialect, "dma_store_vpm">
compiler/mlir/lib/Conversion/Vec16ToVC4/Vec16ToVC4.cpp: convert-vec16-to-vc4
compiler/mlir/lib/Conversion/Vec16ToVC4/Vec16ToVC4.cpp: Lower width-16 vector groups to a tiny staged-memory vc4 dialect
compiler/test/saxpy-toy.mlir: func.func @saxpy_vec16
compiler/test/saxpy-toy.mlir: vector<16xf32>
compiler/test/saxpy-toy-lowered.vc4: vc4.dma_load_vpm
compiler/test/saxpy-toy-lowered.vc4: vc4.vpm_read
compiler/test/saxpy-toy-lowered.vc4: vc4.bin "mulf"
compiler/test/saxpy-toy-lowered.vc4: vc4.dma_store_vpm
